error: Cannot have _ in goal atom of rule.
 --> $DIR/underscore_in_goal.rs:7:8
  |
7 |     Ok(_) <- Ok(_);
  |        ^
